// Jest Snapshot v1, https://goo.gl/fbAQLP

exports[`The StarterTypescriptLambda stack matches the snapshot 1`] = `
{
  "Metadata": {
    "gu:cdk:constructs": [
      "GuDistributionBucketParameter",
      "GuScheduledLambda",
    ],
    "gu:cdk:version": "TEST",
  },
  "Parameters": {
    "DistributionBucketName": {
      "Default": "/account/services/artifact.bucket",
      "Description": "SSM parameter containing the S3 bucket name holding distribution artifacts",
      "Type": "AWS::SSM::Parameter::Value<String>",
    },
  },
  "Resources": {
    "startertypescriptlambda16F2E652": {
      "DependsOn": [
        "startertypescriptlambdaServiceRoleDefaultPolicy454B579F",
        "startertypescriptlambdaServiceRole02688246",
      ],
      "Properties": {
        "Code": {
          "S3Bucket": {
            "Ref": "DistributionBucketName",
          },
          "S3Key": "playground/TEST/starter-typescript-lambda/starter-typescript-lambda.zip",
        },
        "Environment": {
          "Variables": {
            "APP": "starter-typescript-lambda",
            "Bucket": "starter-typescript-lambda-dist",
            "LoggingLevel": "4",
            "STACK": "playground",
            "STAGE": "TEST",
            "Stage": "TEST",
          },
        },
        "Handler": "dist/lambda/index.handler",
        "MemorySize": 512,
        "Role": {
          "Fn::GetAtt": [
            "startertypescriptlambdaServiceRole02688246",
            "Arn",
          ],
        },
        "Runtime": "nodejs18.x",
        "Tags": [
          {
            "Key": "App",
            "Value": "starter-typescript-lambda",
          },
          {
            "Key": "gu:cdk:version",
            "Value": "TEST",
          },
          {
            "Key": "gu:repo",
            "Value": "guardian/starter-typescript-lambda",
          },
          {
            "Key": "Stack",
            "Value": "playground",
          },
          {
            "Key": "Stage",
            "Value": "TEST",
          },
        ],
        "Timeout": 45,
      },
      "Type": "AWS::Lambda::Function",
    },
    "startertypescriptlambdaServiceRole02688246": {
      "Properties": {
        "AssumeRolePolicyDocument": {
          "Statement": [
            {
              "Action": "sts:AssumeRole",
              "Effect": "Allow",
              "Principal": {
                "Service": "lambda.amazonaws.com",
              },
            },
          ],
          "Version": "2012-10-17",
        },
        "ManagedPolicyArns": [
          {
            "Fn::Join": [
              "",
              [
                "arn:",
                {
                  "Ref": "AWS::Partition",
                },
                ":iam::aws:policy/service-role/AWSLambdaBasicExecutionRole",
              ],
            ],
          },
        ],
        "Tags": [
          {
            "Key": "App",
            "Value": "starter-typescript-lambda",
          },
          {
            "Key": "gu:cdk:version",
            "Value": "TEST",
          },
          {
            "Key": "gu:repo",
            "Value": "guardian/starter-typescript-lambda",
          },
          {
            "Key": "Stack",
            "Value": "playground",
          },
          {
            "Key": "Stage",
            "Value": "TEST",
          },
        ],
      },
      "Type": "AWS::IAM::Role",
    },
    "startertypescriptlambdaServiceRoleDefaultPolicy454B579F": {
      "Properties": {
        "PolicyDocument": {
          "Statement": [
            {
              "Action": [
                "s3:GetObject*",
                "s3:GetBucket*",
                "s3:List*",
              ],
              "Effect": "Allow",
              "Resource": [
                {
                  "Fn::Join": [
                    "",
                    [
                      "arn:",
                      {
                        "Ref": "AWS::Partition",
                      },
                      ":s3:::",
                      {
                        "Ref": "DistributionBucketName",
                      },
                    ],
                  ],
                },
                {
                  "Fn::Join": [
                    "",
                    [
                      "arn:",
                      {
                        "Ref": "AWS::Partition",
                      },
                      ":s3:::",
                      {
                        "Ref": "DistributionBucketName",
                      },
                      "/playground/TEST/starter-typescript-lambda/starter-typescript-lambda.zip",
                    ],
                  ],
                },
              ],
            },
            {
              "Action": "ssm:GetParametersByPath",
              "Effect": "Allow",
              "Resource": {
                "Fn::Join": [
                  "",
                  [
                    "arn:aws:ssm:",
                    {
                      "Ref": "AWS::Region",
                    },
                    ":",
                    {
                      "Ref": "AWS::AccountId",
                    },
                    ":parameter/TEST/playground/starter-typescript-lambda",
                  ],
                ],
              },
            },
            {
              "Action": [
                "ssm:GetParameters",
                "ssm:GetParameter",
              ],
              "Effect": "Allow",
              "Resource": {
                "Fn::Join": [
                  "",
                  [
                    "arn:aws:ssm:",
                    {
                      "Ref": "AWS::Region",
                    },
                    ":",
                    {
                      "Ref": "AWS::AccountId",
                    },
                    ":parameter/TEST/playground/starter-typescript-lambda/*",
                  ],
                ],
              },
            },
          ],
          "Version": "2012-10-17",
        },
        "PolicyName": "startertypescriptlambdaServiceRoleDefaultPolicy454B579F",
        "Roles": [
          {
            "Ref": "startertypescriptlambdaServiceRole02688246",
          },
        ],
      },
      "Type": "AWS::IAM::Policy",
    },
    "startertypescriptlambdastartertypescriptlambdacron001020AllowEventRuleStarterTypescriptLambdastartertypescriptlambda35AFBAF7B1B92612": {
      "Properties": {
        "Action": "lambda:InvokeFunction",
        "FunctionName": {
          "Fn::GetAtt": [
            "startertypescriptlambda16F2E652",
            "Arn",
          ],
        },
        "Principal": "events.amazonaws.com",
        "SourceArn": {
          "Fn::GetAtt": [
            "startertypescriptlambdastartertypescriptlambdacron001020C3F1D1BC",
            "Arn",
          ],
        },
      },
      "Type": "AWS::Lambda::Permission",
    },
    "startertypescriptlambdastartertypescriptlambdacron001020C3F1D1BC": {
      "Properties": {
        "ScheduleExpression": "cron(00 10 ? * 2 *)",
        "State": "ENABLED",
        "Targets": [
          {
            "Arn": {
              "Fn::GetAtt": [
                "startertypescriptlambda16F2E652",
                "Arn",
              ],
            },
            "Id": "Target0",
          },
        ],
      },
      "Type": "AWS::Events::Rule",
    },
  },
}
`;
